haven
haven
zayvehead.png This is where Chah Tenn is
machos nachos
100
100
tennfight
100
100
xxx

CwwwWwwwwwwwc            Cwwwwwwwwwwwc
WP  WH     $W            WJ          W
W   W       Xwwwwwwwwwwwwx           XwwwwwwwwwwwwwwwwwwC
Ww wx       D            D     gg                       W
W           Cwwwww  wwwwwc           Cwwwwwwwwwc        W
W           W$           W           W         W H      W
WwwwwwwwwwwwWwwwwwwwwwwwwWwwwwwwwwwwwewwwwwwwwwx        W
WMM         W g          W bbbbbbbb                    $W 
WMM      H $W t          W bbbbbbbb  Cwwwwwwwwwwwwwwwwwwx
W           Xwwwww  wwwwwx           W
W           D            D           W Cwwwww
W        MMMCwwwww  wwwwwc           W W    P
W        MMMW$           W           W W Cwww
Wwwwww wwwwwWwwwwwwwwwwwwWwwwwwwwwwwwWwx Xwc
W           W   N     N  W           WHH HHW
W          $W  N    N    W           W     W
W           Xwwwww  wwwwwx           W     W
W           D            D  ttttttt  W     W
W           Cwwwww  wwwwwc           W     W
W     m     W$           W           W     W
Xwwwwwwwwwwwewwwwwwwwwwwwewwwwc Cwwwwx   W W
                              W W$       W W
                              W Xwwwwwwwwx W
                              W            W
                              Xwwwwwwwwwwwwx