 z
F  fffffffffffffffffffW
F                     W
F       b             W
Fbbb    b             W
F                     W
F 1                   W
F           1         W
F                     W
Fbbbbbbbbbb           W
F                     W
F                     W
F       1             W
F                     W
F           bbbbbbbbbbW
F                     W
F                     W
F                     W
Fbbbbbbbb        1    W
F                     W
F                     W
F           bbbbbbbbbbW
F                     W
F                     W
F                     W
F     1               W
F                b    Xwwwwwwwwwwwwwwwwwwwwwwwwwwwc
F                     W               N           W
F                  Cwwx                           W
F                  W                              W
F                  W          W                   W
F    1             W                              W
F      bbbbbbbbbbb W                0             G
F                           W                     W
F                                                 W
F                                                 W
F                        W          W             W
F                                                 W
Xwwwwwwwwwwwwwwwwwwwwwwwwwwwwwwwwwwwwwwwwwwwwwwwwwx
