prison
prison
zayvehead.png I can plant a charge on the control panel
prison2
50
150
xxx
 z
F  fffffffffffffffffffW
F                     W
F       b             W
Fbbb    b             W
F                     W
F u                   W
F           u         W
F                     W
Fbbbbbbbbbb           W
F                     W
F                     W
F       u             W
F                     W
F           bbbbbbbbbbW
F                     W
F                     W
F                     W
Fbbbbbbbb        u    W
F                     W
F                     W
F           bbbbbbbbbbW
F                     W
F                     W
F                     W
F     u               W
F                b    Xwwwwwwwwwwwwwwwwwwwwwwwwwwwc
F                     W               N           W
F                  Cwwx                           W
F                  W                              W
F                  W          W                   W
F    u             W                              W
F      bbbbbbbbbbb W                u             G
F                           W                     W
F                                                 W
F                                                 W
F                        W          W             W
F                                                 W
Xwwwwwwwwwwwwwwwwwwwwwwwwwwwwwwwwwwwwwwwwwwwwwwwwwx
