
1 fffffffffffffffffffffffffffffffffffffffffffffffffffffffffffff
FG
F
F -Ceeeeeeec-      -Ceeeeeeec-
F -WsssssssW-      -WsssssssW-   -rrrrrrrrr-        rrrrrrrrrr
F -WsssssssW-      -WsssssssW-   -rrrrrrrrr-        rrrrrrrrrr
F -WsssssssW-      -WsssssssW-    rrrrrrrrr         rrrrrrrrrr
F -WsssssssW-      -WsssssssW-    rrrrrrrrr         rrrrrrrrrr
F -WsssssssW-      -WsssssssW- V  rrrrrrrrr         rrrrrrrrrr
F -Xwwwwwwwx-      -Xwwwwwwwx-    eeeeeeeee         rrrrrrrrrr
F -EEEEEEEEE-      -EEEEEEEEE-    EEEEPEEEE         rrrrrrrrrr
F -EEEEEEEEE-      -EEEEEEEEE-                      rrrrrrrrrr
F -EEEEEEEEE-      -EEEEEEEEE-                      rrrrrrrrrr
F -EEEE    E-      -E    EEEE-                      rrrrrrrrrr
F  EEEE1   E        E2   EEEE                       eeeee    e
F  EEEEEEEEE        EEEEEEEEE                       EEEEP3   E
F  EEEEEEEEE        EEEEEEEEE 
F  EEEEEEEEE        EEEEEEEEE 
F  EEEEPEEEE        EEEEPEEEE
F                             -rrrrrrrr-
F                             -rrrrrrrr-
F                              rrrrrrrr
F                              rrrrrrrr
F                              eeeeeeee
F                              EEEPPEEE
F
F
F
F
F
F
F
F
F
F
F
F
F
F
F
F
F
F
F
