haven
haven
zayvehead.png I should talk to the locals, they could help me find Devona.
haven
50
1650
glitch
0
0
jmishtin house
500
300
glitch
0
0
glitch
0
0
glitch
0
0
glitch
0
0
glitch
0
0
xxx
                                                                
 FPfffffffffffffffffffffffffffffffffffffffffffffffffffffffffffF  
 F                                                            F  
-rrrrrrrrrrrrr-                       -rrrrrrrrrrrrr-         F  
-rrrrrrrrrrrrr- N                     -rrrrrrrrrrrrr-         F  
 rrrrrrrrrrrrr                         rrrrrrrrrrrrr          F  
 rrrrrrrrrrrrr                         rrrrrrrrrrrrr          F
 rrrrrrrrrrrrr                         eeeeeeeeeeeee          F
 eeeeeeeeeeeee                         EEEEEEEEEEPEE          F
 WEEEEEEEEEGEE                                                F
 Wbb                                                          F
 Wb                                                           F
 W                                                            F
-rrrrrrrrrrrrr-        -rrrrrrr-              -rrrrrrrrrrrrr- F
-rrrrrrrrrrrrr-        -rrrrrrr-              -rrrrrrrrrrrrr- F
 rrrrrrrrrrrrr          rrrrrrr                rrrrrrrrrrrrr  F
 rrrrrrrrrrrrr          rrrrrrr                rrrrrrrrrrrrr  F
 rrrrrrrrrrrrr          rrrrrrr                rrrrrrrrrrrrr  F
 eeeeeeeeeeeee          eeeeeee                eeeeeeeeeeeee  F
 WEEEEEEEEEPEE          EEEEPEE                EEEEEEEEEEPEE  F
 W                                                            F
 W V                                                          F
 W                        -rrrrrrrrrrrrr-                     F
 W                        -rrrrrrrrrrrrr-                     F
-rrrrrrrrrrrrr-            rrrrrrrrrrrrr                      F
-rrrrrrrrrrrrr-            rrrrrrrrrrrrr                      F
 rrrrrrrrrrrrr             eeeeeeeeeeeee                      F
 rrrrrrrrrrrrr             EEEEEEEEEEPEE                      F
 rrrrrrrrrrrrr                                                F
 eeeeeeeeeeeee                                                F
 WEEEEEEEEEPEE                                                F
 W                                                            F
 W                                                            F
 W                                                            F
 WffffffffffffffffffffffffffffffffffffffffffffffffffffffffffffF