haven
haven
zayvehead.png I should check out the museum. . . or the market. . .
haven market
850
1650
museum
75
200
house
500
300
museum2
300
350
havenpath
50
100
househaven2
500
300
glitch
500
300
glitch
500
300
glitch
500
300
haven suburbs
50
100
xxx
                                                                 rrrrrrrrrrrrrrrrrrrrrrrW
 FffffffffffffffffPfffffffffffffffffffffffffffffffffffffffffffF  rrrrrrrrrrrrrrrrrrrrrrrW
 F                                                            F  rrrrrrrrrrrrrrrrrrrrrrrW
-rrrrrrrrrrrrr-    1                  -rrrrrrrrrrrrr-         F  rrrrrrrrrrrrrrrrrrrrrrrW
-rrrrrrrrrrrrr-S                      -rrrrrrrrrrrrr-         F  rrrrrrrrrrrrrrrrrrrrrrrW
 rrrrrrrrrrrrr                         rrrrrrrrrrrrr          F  rrrrrrrrrrrrrrrrrrrrrrrW
 rrrrrrrrrrrrr                         rrrrrrrrrrrrr          FwwrrrrrrrrrrrrrrrrrrrrrrrW
 rrrrrrrrrrrrr                         eeeeeeeeeeeee             PrrrrrrrrrrrrrrrrrrrrrrW
 eeeeeeeeeeeee                         EEEEEEEEEEEEE      2   FwwrrrrrrrrrrrrrrrrrrrrrrrW
 WEEEEEEEEEPEE                                                F  eeeeeeeeeeeeeeeeeeeeeeee
 Wbb                                                          F  EEEEEEEEEEEEEEEEEEPEEEEE
 Wb                                                           F                         P
 W  Nn                                                        F                         F
-rrrrrrrrrrrrr-                               -rrrrrrrrrrrrr- FfffffffffffffffffffffffffF
-rrrrrrrrrrrrr-                               -rrrrrrrrrrrrr- F
 rrrrrrrrrrrrr                                 rrrrrrrrrrrrr  F
 rrrrrrrrrrrrr                                 rrrrrrrrrrrrr  F
 rrrrrrrrrrrrr                                 rrrrrrrrrrrrr  F
 eeeeeeeeeeeee                      n          eeeeeeeeeeeee  F
 WEEEEEEEEEPEE                                 EEEEEEEEEEPEE  F
 W                        -rrrrrrrrrrrrr-                     F
 W V                      -rrrrrrrrrrrrr-                     F
 W                         rrrrrrrrrrrrr                      F
 W                         rrrrrrrrrrrrr                      F
-rrrrrrrrrrrrr-            rrrrrrrrrrrrr                      F
-rrrrrrrrrrrrr-            rrrrrrrrrrrrr                      F
 rrrrrrrrrrrrr             eeeeeeeeeeeee                      F
 rrrrrrrrrrrrr             EEEEEEEEEEPEE                      F
 rrrrrrrrrrrrr                       n                        F
 eeeeeeeeeeeee                                                F
 WEEEEEEEEEPEE                                                F
 W                                                            F
 W                                                            F
 W                                                            F
 WGfffffffffffffffffffffffffffffffffffffffffffffffffffffffffffF