haven
haven
zayvehead.png I'll bet a drug dealer would have info on Chah Tenn
machos nachos
550
300
ubermart
700
100
haven
850
100
xxx

FfffffffffffffffffffffffffffffffffffffffffffffffffffffffffffffffffffffffffffffffffffffffffffffffffffffffffffffffffF
F                                                                                                                 F 
-rrrrrrrrrrrrr-                                                                                                    F  
-rrrrrrrrrrrrr-                                                                                                    F  
 rrrrrrrrrrrrrsssssssssssssssssss                                                                                  F 
 rrrrrrrrrrrrrsssssssssssssssssss                                                                                  F
 rrrrrrrrrrrrrsssssssssssssssssss                                                                                  F 
 eeeeeeeeeeeee                sss                                                                                  F
 WEEEEEEEEEEEE                sss                                                                                  F
 Wbb                          sss                                                                                  F
 Wb                           sss             -rrrrrrrrrrrrr-                                                      F
 W                            sss             -rrrrrrrrrrrrr-                                                      F
-rrrrrrrrrrrrr-               sssssssssssssssssrrrrrrrrrrrrr                                                       F
-rrrrrrrrrrrrr-               sssssssssssssssssrrrrrrrrrrrrr                               m                       F
 rrrrrrrrrrrrrsssssssssssssssssssssssssssssssssrrrrrrrrrrrrr                                                       F
 rrrrrrrrrrrrrsssssssssssssssssss              eeeeeeeeeeeee                                                       F
 rrrrrrrrrrrrrsssssssssssssssssss              EEEEEEEEEEEEE                                                       F
 eeeeeee    ee                sss                                                                                  F
 WEEEEEE3   PE       2        sss                                            rrrrrrrrrrrrrrGrrrrrrrrrrrrrr         F
 W                   v  v     sss                                            rrrrrrrrrrrrrrrrrrrrrrrrrrrrr         F
 W                  tttttt    sss                                            rrrrrrrrrrrrrrrrrrrrrrrrrrrrr         F
 WV                           sss                                            rrrrrrrrrrrrrrrrrrrrrrrrrrrrr         F
 W                            sss                                            rrrrrrrrrrrrrrrrrrrrrrrrrrrrr         F
-rrrrrrrrrrrrr-               sss                                            rrrrrrrrrrrrrrrrrrrrrrrrrrrrr         F
-rrrrrrrrrrrrr-H     H        sss                                            rrrrrrrrrrrrrrrrrrrrrrrrrrrrr         F
 rrrrrrrrrrrrrsssssssssssssssssssssssssssssssssssssssssssssssssssssssssssssssrrrrrrrrrrrrrrrrrrrrrrrrrrrrr         F
 rrrrrrrrrrrrrsssssssssssssssssssssssssssssssssssssssssssssssssssssssssssssssrrrrrrrrrrrrrrrrrrrrrrrrrrrrr         F
 rrrrrrrrrrrrrsssssssssssssssssssssssssssssssssssssssssssssssssssssssssssssssrrrrrrrrrrrrrrrrrrrrrrrrrrrrr         F
 rrrrrrrrrrrrr                                                               eeeeeeeeeeeee    eeeeeeeeeeee         F
 eeeeeeeeeeeee    o                                                          EEEEEEEEEEEEE1EEEEEEEEEEEEEEE         F
 WEEEEEEEEEEEE                                                                                                     F
 W                                                                                                                 F
 W           S                                                                                                     F                       
 WffffffffffffffffPffffffffffffffffffffffffffffffffffffffffffffffffffffffffffffffffffffffffffffffffffffffffffffffffF
