
CwwwwwwwwwwwwwwwwwwwwwwwwwwcfffffffffffFffffffffffffffffffF
P                         2W      N     F                 F
W                tttttt    W            F                 F
W                   0      W                              F
W                tttttt    W    j                         F
W                          W                              F
W     2          tttttt    W            F                 F
W                   1      Xwwwwww wwwwwc                 F
W                          D            W                 F
W             1            D            W            1    F
W                   0      W            W                 F
W                          W            W                 F
W                         2W           dW                 F
Xwwwwwwwwwwwwwwwwwwwwwwwwwwewwwwwwwwwwwwx                 F
                                        F                 F
                                        F                 F  
                                        F                 F  
                                        F          ;      F  
                                        F                 F  
                                        F                 F  
                                        F                 F  
                                        F                 F  
                                        F       1         F  
                                        F                 F  
                                        F                 F  
                                        F                 F  
                                        F                 F  
                                        F                 F  
                                        F                 F  
                                        F            0    F  
                                        F                 F  
                                        F                 F  
                                        F                 F  
                                        F                 F  
                                        F                 F  
                                        F                 F  
                                        FffffffffGffffffffF										
            