prison
prison
zayvehead.png I can plant a charge on the control panel
cannon1
2500
1700
outsideprison
100
100
xxx

CwwwwwwwwwwwwwwwwwwwwwwwwwwcfffffffffffFffffffffffffffffffF
P                         uW      N     F                 F
W                tttttt    W            F                 F
W                   i      W                              F
W                tttttt    W    j                         F
W                          W                              F
W     u          tttttt    W            F                 F
W                   i      Xwwwwww wwwwwc                 F
W                          D            W                 F
W             i            D            W            u    F
W                   i      W            W                 F
W                          W            W                 F
W                         uW           dW                 F
Xwwwwwwwwwwwwwwwwwwwwwwwwwwewwwwwwwwwwwwx                 F
                                        F                 F
                                        F                 F  
                                        F                 F  
                                        F          ;      F  
                                        F                 F  
                                        F                 F  
                                        F                 F  
                                        F                 F  
                                        F       u         F  
                                        F                 F  
                                        F                 F  
                                        F                 F  
                                        F                 F  
                                        F                 F  
                                        F                 F  
                                        F            u    F  
                                        F                 F  
                                        F                 F  
                                        F                 F  
                                        F                 F  
                                        F                 F  
                                        F                 F  
                                        FffffffffGffffffffF										
            