city
suspense
zayvehead.png 
city
0
0
glitch
0
0
glitch
0
0
glitch
0
0
glitch
0
0
INSERT LOCATION
0
0
xxx
 
Z ffffffffffffffffffffffffffffffffffffffffffffff
F
F
F
F
F
F
F  Cwwwwwwwc        Cwwwwwwwc
F  WsssssssW        WsssssssW     rrrrrrrrr
F  WsssssssW        WsssssssW     rrrrrrrrr
F  WsssssssW        WsssssssW     rrrrrrrrr
F  WsssssssW        WsssssssW     rrrrrrrrr
F  WsssssssW        WsssssssW  V  rrrrrrrrr
F  Xwwwwwwwx        Xwwwwwwwx     eeeeeeeee
F  EEEEEEEEE        EEEEEEEEE     EEEEPEEEE
F  EEEEEEEEE        EEEEEEEEE
F  EEEEEEEEE        EEEEEEEEE
F  EEEE    E        E    EEEE
F  EEEE1   E        E2   EEEE      
F  EEEEEEEEE        EEEEEEEEE
F  EEEEEEEEE        EEEEEEEEE
F  EEEEEEEEE        EEEEEEEEE
F  EEEEPEEEE        EEEEPEEEE
F                              rrrrrrrr
F                              rrrrrrrr
F                              rrrrrrrr
F                              rrrrrrrr
F                              eeeeeeee
F                              EEEPPEEE
F
F
F
F
F
F
F
F
F
F
F
F
F
F
F
F
F
F
F
F
F
F
F
